This is pdfTeX, Version 3.141592653-2.6-1.40.25 (TeX Live 2023/Debian) (preloaded format=pdflatex 2026.6.9)  9 JUN 2026 16:38
entering extended mode
 restricted \write18 enabled.
 %&-line parsing enabled.
**relatorio.tex
(./relatorio.tex
LaTeX2e <2023-11-01> patch level 1
L3 programming layer <2024-01-22>
(/usr/share/texlive/texmf-dist/tex/latex/base/article.cls
Document Class: article 2023/05/17 v1.4n Standard LaTeX document class
(/usr/share/texlive/texmf-dist/tex/latex/base/size12.clo
File: size12.clo 2023/05/17 v1.4n Standard LaTeX file (size option)
)
\c@part=\count187
\c@section=\count188
\c@subsection=\count189
\c@subsubsection=\count190
\c@paragraph=\count191
\c@subparagraph=\count192
\c@figure=\count193
\c@table=\count194
\abovecaptionskip=\skip48
\belowcaptionskip=\skip49
\bibindent=\dimen140
)
(/usr/share/texlive/texmf-dist/tex/latex/base/inputenc.sty
Package: inputenc 2021/02/14 v1.3d Input encoding file
\inpenc@prehook=\toks17
\inpenc@posthook=\toks18
)
(/usr/share/texlive/texmf-dist/tex/latex/base/fontenc.sty
Package: fontenc 2021/04/29 v2.0v Standard LaTeX package
)
(/usr/share/texlive/texmf-dist/tex/generic/babel/babel.sty
Package: babel 2024/01/07 v24.1 The Babel package
\babel@savecnt=\count195
\U@D=\dimen141
\l@unhyphenated=\language6

(/usr/share/texlive/texmf-dist/tex/generic/babel/txtbabel.def)
\bbl@readstream=\read2
\bbl@dirlevel=\count196

(/usr/share/texlive/texmf-dist/tex/generic/babel-portuges/brazil.ldf
Language: portuges 2021/07/09 v1.2t Portuguese support from the babel system
Package babel Info: Hyphen rules for 'brazil' set to \l@portuguese
(babel)             (\language5). Reported on input line 111.
Package babel Info: Making " an active character on input line 143.
))
(/usr/share/texlive/texmf-dist/tex/latex/geometry/geometry.sty
Package: geometry 2020/01/02 v5.9 Page Geometry

(/usr/share/texlive/texmf-dist/tex/latex/graphics/keyval.sty
Package: keyval 2022/05/29 v1.15 key=value parser (DPC)
\KV@toks@=\toks19
)
(/usr/share/texlive/texmf-dist/tex/generic/iftex/ifvtex.sty
Package: ifvtex 2019/10/25 v1.7 ifvtex legacy package. Use iftex instead.

(/usr/share/texlive/texmf-dist/tex/generic/iftex/iftex.sty
Package: iftex 2022/02/03 v1.0f TeX engine tests
))
\Gm@cnth=\count197
\Gm@cntv=\count198
\c@Gm@tempcnt=\count199
\Gm@bindingoffset=\dimen142
\Gm@wd@mp=\dimen143
\Gm@odd@mp=\dimen144
\Gm@even@mp=\dimen145
\Gm@layoutwidth=\dimen146
\Gm@layoutheight=\dimen147
\Gm@layouthoffset=\dimen148
\Gm@layoutvoffset=\dimen149
\Gm@dimlist=\toks20
)
(/usr/share/texlive/texmf-dist/tex/latex/graphics/graphicx.sty
Package: graphicx 2021/09/16 v1.2d Enhanced LaTeX Graphics (DPC,SPQR)

(/usr/share/texlive/texmf-dist/tex/latex/graphics/graphics.sty
Package: graphics 2022/03/10 v1.4e Standard LaTeX Graphics (DPC,SPQR)

(/usr/share/texlive/texmf-dist/tex/latex/graphics/trig.sty
Package: trig 2021/08/11 v1.11 sin cos tan (DPC)
)
(/usr/share/texlive/texmf-dist/tex/latex/graphics-cfg/graphics.cfg
File: graphics.cfg 2016/06/04 v1.11 sample graphics configuration
)
Package graphics Info: Driver file: pdftex.def on input line 107.

(/usr/share/texlive/texmf-dist/tex/latex/graphics-def/pdftex.def
File: pdftex.def 2022/09/22 v1.2b Graphics/color driver for pdftex
))
\Gin@req@height=\dimen150
\Gin@req@width=\dimen151
)
(/usr/share/texlive/texmf-dist/tex/latex/booktabs/booktabs.sty
Package: booktabs 2020/01/12 v1.61803398 Publication quality tables
\heavyrulewidth=\dimen152
\lightrulewidth=\dimen153
\cmidrulewidth=\dimen154
\belowrulesep=\dimen155
\belowbottomsep=\dimen156
\aboverulesep=\dimen157
\abovetopsep=\dimen158
\cmidrulesep=\dimen159
\cmidrulekern=\dimen160
\defaultaddspace=\dimen161
\@cmidla=\count266
\@cmidlb=\count267
\@aboverulesep=\dimen162
\@belowrulesep=\dimen163
\@thisruleclass=\count268
\@lastruleclass=\count269
\@thisrulewidth=\dimen164
)
(/usr/share/texlive/texmf-dist/tex/latex/tools/array.sty
Package: array 2023/10/16 v2.5g Tabular extension package (FMi)
\col@sep=\dimen165
\ar@mcellbox=\box51
\extrarowheight=\dimen166
\NC@list=\toks21
\extratabsurround=\skip50
\backup@length=\skip51
\ar@cellbox=\box52
)
(/usr/share/texlive/texmf-dist/tex/latex/xcolor/xcolor.sty
Package: xcolor 2023/11/15 v3.01 LaTeX color extensions (UK)

(/usr/share/texlive/texmf-dist/tex/latex/graphics-cfg/color.cfg
File: color.cfg 2016/01/02 v1.6 sample color configuration
)
Package xcolor Info: Driver file: pdftex.def on input line 274.

(/usr/share/texlive/texmf-dist/tex/latex/graphics/mathcolor.ltx)
Package xcolor Info: Model `cmy' substituted by `cmy0' on input line 1350.
Package xcolor Info: Model `hsb' substituted by `rgb' on input line 1354.
Package xcolor Info: Model `RGB' extended on input line 1366.
Package xcolor Info: Model `HTML' substituted by `rgb' on input line 1368.
Package xcolor Info: Model `Hsb' substituted by `hsb' on input line 1369.
Package xcolor Info: Model `tHsb' substituted by `hsb' on input line 1370.
Package xcolor Info: Model `HSB' substituted by `hsb' on input line 1371.
Package xcolor Info: Model `Gray' substituted by `gray' on input line 1372.
Package xcolor Info: Model `wave' substituted by `hsb' on input line 1373.
)
(/usr/share/texlive/texmf-dist/tex/latex/hyperref/hyperref.sty
Package: hyperref 2024-01-20 v7.01h Hypertext links for LaTeX

(/usr/share/texlive/texmf-dist/tex/latex/kvsetkeys/kvsetkeys.sty
Package: kvsetkeys 2022-10-05 v1.19 Key value parser (HO)
)
(/usr/share/texlive/texmf-dist/tex/generic/kvdefinekeys/kvdefinekeys.sty
Package: kvdefinekeys 2019-12-19 v1.6 Define keys (HO)
)
(/usr/share/texlive/texmf-dist/tex/generic/pdfescape/pdfescape.sty
Package: pdfescape 2019/12/09 v1.15 Implements pdfTeX's escape features (HO)

(/usr/share/texlive/texmf-dist/tex/generic/ltxcmds/ltxcmds.sty
Package: ltxcmds 2023-12-04 v1.26 LaTeX kernel commands for general use (HO)
)
(/usr/share/texlive/texmf-dist/tex/generic/pdftexcmds/pdftexcmds.sty
Package: pdftexcmds 2020-06-27 v0.33 Utility functions of pdfTeX for LuaTeX (HO
)

(/usr/share/texlive/texmf-dist/tex/generic/infwarerr/infwarerr.sty
Package: infwarerr 2019/12/03 v1.5 Providing info/warning/error messages (HO)
)
Package pdftexcmds Info: \pdf@primitive is available.
Package pdftexcmds Info: \pdf@ifprimitive is available.
Package pdftexcmds Info: \pdfdraftmode found.
))
(/usr/share/texlive/texmf-dist/tex/latex/hycolor/hycolor.sty
Package: hycolor 2020-01-27 v1.10 Color options for hyperref/bookmark (HO)
)
(/usr/share/texlive/texmf-dist/tex/latex/auxhook/auxhook.sty
Package: auxhook 2019-12-17 v1.6 Hooks for auxiliary files (HO)
)
(/usr/share/texlive/texmf-dist/tex/latex/hyperref/nameref.sty
Package: nameref 2023-11-26 v2.56 Cross-referencing by name of section

(/usr/share/texlive/texmf-dist/tex/latex/refcount/refcount.sty
Package: refcount 2019/12/15 v3.6 Data extraction from label references (HO)
)
(/usr/share/texlive/texmf-dist/tex/generic/gettitlestring/gettitlestring.sty
Package: gettitlestring 2019/12/15 v1.6 Cleanup title references (HO)

(/usr/share/texlive/texmf-dist/tex/latex/kvoptions/kvoptions.sty
Package: kvoptions 2022-06-15 v3.15 Key value format for package options (HO)
))
\c@section@level=\count270
)
(/usr/share/texlive/texmf-dist/tex/latex/etoolbox/etoolbox.sty
Package: etoolbox 2020/10/05 v2.5k e-TeX tools for LaTeX (JAW)
\etb@tempcnta=\count271
)
\@linkdim=\dimen167
\Hy@linkcounter=\count272
\Hy@pagecounter=\count273

(/usr/share/texlive/texmf-dist/tex/latex/hyperref/pd1enc.def
File: pd1enc.def 2024-01-20 v7.01h Hyperref: PDFDocEncoding definition (HO)
Now handling font encoding PD1 ...
... no UTF-8 mapping file for font encoding PD1
)
(/usr/share/texlive/texmf-dist/tex/generic/intcalc/intcalc.sty
Package: intcalc 2019/12/15 v1.3 Expandable calculations with integers (HO)
)
\Hy@SavedSpaceFactor=\count274

(/usr/share/texlive/texmf-dist/tex/latex/hyperref/puenc.def
File: puenc.def 2024-01-20 v7.01h Hyperref: PDF Unicode definition (HO)
Now handling font encoding PU ...
... no UTF-8 mapping file for font encoding PU
)
Package hyperref Info: Hyper figures OFF on input line 4179.
Package hyperref Info: Link nesting OFF on input line 4184.
Package hyperref Info: Hyper index ON on input line 4187.
Package hyperref Info: Plain pages OFF on input line 4194.
Package hyperref Info: Backreferencing OFF on input line 4199.
Package hyperref Info: Implicit mode ON; LaTeX internals redefined.
Package hyperref Info: Bookmarks ON on input line 4446.
\c@Hy@tempcnt=\count275

(/usr/share/texlive/texmf-dist/tex/latex/url/url.sty
\Urlmuskip=\muskip16
Package: url 2013/09/16  ver 3.4  Verb mode for urls, etc.
)
LaTeX Info: Redefining \url on input line 4784.
\XeTeXLinkMargin=\dimen168

(/usr/share/texlive/texmf-dist/tex/generic/bitset/bitset.sty
Package: bitset 2019/12/09 v1.3 Handle bit-vector datatype (HO)

(/usr/share/texlive/texmf-dist/tex/generic/bigintcalc/bigintcalc.sty
Package: bigintcalc 2019/12/15 v1.5 Expandable calculations on big integers (HO
)
))
\Fld@menulength=\count276
\Field@Width=\dimen169
\Fld@charsize=\dimen170
Package hyperref Info: Hyper figures OFF on input line 6063.
Package hyperref Info: Link nesting OFF on input line 6068.
Package hyperref Info: Hyper index ON on input line 6071.
Package hyperref Info: backreferencing OFF on input line 6078.
Package hyperref Info: Link coloring OFF on input line 6083.
Package hyperref Info: Link coloring with OCG OFF on input line 6088.
Package hyperref Info: PDF/A mode OFF on input line 6093.

(/usr/share/texlive/texmf-dist/tex/latex/base/atbegshi-ltx.sty
Package: atbegshi-ltx 2021/01/10 v1.0c Emulation of the original atbegshi
package with kernel methods
)
\Hy@abspage=\count277
\c@Item=\count278
\c@Hfootnote=\count279
)
Package hyperref Info: Driver (autodetected): hpdftex.

(/usr/share/texlive/texmf-dist/tex/latex/hyperref/hpdftex.def
File: hpdftex.def 2024-01-20 v7.01h Hyperref driver for pdfTeX

(/usr/share/texlive/texmf-dist/tex/latex/base/atveryend-ltx.sty
Package: atveryend-ltx 2020/08/19 v1.0a Emulation of the original atveryend pac
kage
with kernel methods
)
\Fld@listcount=\count280
\c@bookmark@seq@number=\count281

(/usr/share/texlive/texmf-dist/tex/latex/rerunfilecheck/rerunfilecheck.sty
Package: rerunfilecheck 2022-07-10 v1.10 Rerun checks for auxiliary files (HO)

(/usr/share/texlive/texmf-dist/tex/generic/uniquecounter/uniquecounter.sty
Package: uniquecounter 2019/12/15 v1.4 Provide unlimited unique counter (HO)
)
Package uniquecounter Info: New unique counter `rerunfilecheck' on input line 2
85.
)
\Hy@SectionHShift=\skip52
)
(/usr/share/texlive/texmf-dist/tex/latex/caption/caption.sty
Package: caption 2023/08/05 v3.6o Customizing captions (AR)

(/usr/share/texlive/texmf-dist/tex/latex/caption/caption3.sty
Package: caption3 2023/07/31 v2.4d caption3 kernel (AR)
\caption@tempdima=\dimen171
\captionmargin=\dimen172
\caption@leftmargin=\dimen173
\caption@rightmargin=\dimen174
\caption@width=\dimen175
\caption@indent=\dimen176
\caption@parindent=\dimen177
\caption@hangindent=\dimen178
Package caption Info: Standard document class detected.
)
\c@caption@flags=\count282
\c@continuedfloat=\count283
Package caption Info: hyperref package is loaded.
)
(/usr/share/texlive/texmf-dist/tex/latex/caption/subcaption.sty
Package: subcaption 2023/07/28 v1.6b Sub-captions (AR)
Package caption Info: New subtype `subfigure' on input line 238.
\c@subfigure=\count284
Package caption Info: New subtype `subtable' on input line 238.
\c@subtable=\count285
)
(/usr/share/texlive/texmf-dist/tex/latex/listings/listings.sty
\lst@mode=\count286
\lst@gtempboxa=\box53
\lst@token=\toks22
\lst@length=\count287
\lst@currlwidth=\dimen179
\lst@column=\count288
\lst@pos=\count289
\lst@lostspace=\dimen180
\lst@width=\dimen181
\lst@newlines=\count290
\lst@lineno=\count291
\lst@maxwidth=\dimen182

(/usr/share/texlive/texmf-dist/tex/latex/listings/lstmisc.sty
File: lstmisc.sty 2023/02/27 1.9 (Carsten Heinz)
\c@lstnumber=\count292
\lst@skipnumbers=\count293
\lst@framebox=\box54
)
(/usr/share/texlive/texmf-dist/tex/latex/listings/listings.cfg
File: listings.cfg 2023/02/27 1.9 listings configuration
))
Package: listings 2023/02/27 1.9 (Carsten Heinz)

(/usr/share/texlive/texmf-dist/tex/latex/amsmath/amsmath.sty
Package: amsmath 2023/05/13 v2.17o AMS math features
\@mathmargin=\skip53

For additional information on amsmath, use the `?' option.
(/usr/share/texlive/texmf-dist/tex/latex/amsmath/amstext.sty
Package: amstext 2021/08/26 v2.01 AMS text

(/usr/share/texlive/texmf-dist/tex/latex/amsmath/amsgen.sty
File: amsgen.sty 1999/11/30 v2.0 generic functions
\@emptytoks=\toks23
\ex@=\dimen183
))
(/usr/share/texlive/texmf-dist/tex/latex/amsmath/amsbsy.sty
Package: amsbsy 1999/11/29 v1.2d Bold Symbols
\pmbraise@=\dimen184
)
(/usr/share/texlive/texmf-dist/tex/latex/amsmath/amsopn.sty
Package: amsopn 2022/04/08 v2.04 operator names
)
\inf@bad=\count294
LaTeX Info: Redefining \frac on input line 234.
\uproot@=\count295
\leftroot@=\count296
LaTeX Info: Redefining \overline on input line 399.
LaTeX Info: Redefining \colon on input line 410.
\classnum@=\count297
\DOTSCASE@=\count298
LaTeX Info: Redefining \ldots on input line 496.
LaTeX Info: Redefining \dots on input line 499.
LaTeX Info: Redefining \cdots on input line 620.
\Mathstrutbox@=\box55
\strutbox@=\box56
LaTeX Info: Redefining \big on input line 722.
LaTeX Info: Redefining \Big on input line 723.
LaTeX Info: Redefining \bigg on input line 724.
LaTeX Info: Redefining \Bigg on input line 725.
\big@size=\dimen185
LaTeX Font Info:    Redeclaring font encoding OML on input line 743.
LaTeX Font Info:    Redeclaring font encoding OMS on input line 744.
\macc@depth=\count299
LaTeX Info: Redefining \bmod on input line 905.
LaTeX Info: Redefining \pmod on input line 910.
LaTeX Info: Redefining \smash on input line 940.
LaTeX Info: Redefining \relbar on input line 970.
LaTeX Info: Redefining \Relbar on input line 971.
\c@MaxMatrixCols=\count300
\dotsspace@=\muskip17
\c@parentequation=\count301
\dspbrk@lvl=\count302
\tag@help=\toks24
\row@=\count303
\column@=\count304
\maxfields@=\count305
\andhelp@=\toks25
\eqnshift@=\dimen186
\alignsep@=\dimen187
\tagshift@=\dimen188
\tagwidth@=\dimen189
\totwidth@=\dimen190
\lineht@=\dimen191
\@envbody=\toks26
\multlinegap=\skip54
\multlinetaggap=\skip55
\mathdisplay@stack=\toks27
LaTeX Info: Redefining \[ on input line 2953.
LaTeX Info: Redefining \] on input line 2954.
)
Package hyperref Info: Option `colorlinks' set `true' on input line 18.

(/usr/share/texlive/texmf-dist/tex/latex/l3backend/l3backend-pdftex.def
File: l3backend-pdftex.def 2024-01-04 L3 backend support: PDF output (pdfTeX)
\l__color_backend_stack_int=\count306
\l__pdf_internal_box=\box57
)
(./relatorio.aux)
\openout1 = `relatorio.aux'.

LaTeX Font Info:    Checking defaults for OML/cmm/m/it on input line 24.
LaTeX Font Info:    ... okay on input line 24.
LaTeX Font Info:    Checking defaults for OMS/cmsy/m/n on input line 24.
LaTeX Font Info:    ... okay on input line 24.
LaTeX Font Info:    Checking defaults for OT1/cmr/m/n on input line 24.
LaTeX Font Info:    ... okay on input line 24.
LaTeX Font Info:    Checking defaults for T1/cmr/m/n on input line 24.
LaTeX Font Info:    ... okay on input line 24.
LaTeX Font Info:    Checking defaults for TS1/cmr/m/n on input line 24.
LaTeX Font Info:    ... okay on input line 24.
LaTeX Font Info:    Checking defaults for OMX/cmex/m/n on input line 24.
LaTeX Font Info:    ... okay on input line 24.
LaTeX Font Info:    Checking defaults for U/cmr/m/n on input line 24.
LaTeX Font Info:    ... okay on input line 24.
LaTeX Font Info:    Checking defaults for PD1/pdf/m/n on input line 24.
LaTeX Font Info:    ... okay on input line 24.
LaTeX Font Info:    Checking defaults for PU/pdf/m/n on input line 24.
LaTeX Font Info:    ... okay on input line 24.

*geometry* driver: auto-detecting
*geometry* detected driver: pdftex
*geometry* verbose mode - [ preamble ] result:
* driver: pdftex
* paper: a4paper
* layout: <same size as paper>
* layoutoffset:(h,v)=(0.0pt,0.0pt)
* modes: 
* h-part:(L,W,R)=(68.28644pt, 460.935pt, 68.28644pt)
* v-part:(T,H,B)=(68.28644pt, 708.47397pt, 68.28644pt)
* \paperwidth=597.50787pt
* \paperheight=845.04684pt
* \textwidth=460.935pt
* \textheight=708.47397pt
* \oddsidemargin=-3.98355pt
* \evensidemargin=-3.98355pt
* \topmargin=-40.98355pt
* \headheight=12.0pt
* \headsep=25.0pt
* \topskip=12.0pt
* \footskip=30.0pt
* \marginparwidth=35.0pt
* \marginparsep=10.0pt
* \columnsep=10.0pt
* \skip\footins=10.8pt plus 4.0pt minus 2.0pt
* \hoffset=0.0pt
* \voffset=0.0pt
* \mag=1000
* \@twocolumnfalse
* \@twosidefalse
* \@mparswitchfalse
* \@reversemarginfalse
* (1in=72.27pt=25.4mm, 1cm=28.453pt)

(/usr/share/texlive/texmf-dist/tex/context/base/mkii/supp-pdf.mkii
[Loading MPS to PDF converter (version 2006.09.02).]
\scratchcounter=\count307
\scratchdimen=\dimen192
\scratchbox=\box58
\nofMPsegments=\count308
\nofMParguments=\count309
\everyMPshowfont=\toks28
\MPscratchCnt=\count310
\MPscratchDim=\dimen193
\MPnumerator=\count311
\makeMPintoPDFobject=\count312
\everyMPtoPDFconversion=\toks29
) (/usr/share/texlive/texmf-dist/tex/latex/epstopdf-pkg/epstopdf-base.sty
Package: epstopdf-base 2020-01-24 v2.11 Base part for package epstopdf

(/usr/share/texlive/texmf-dist/tex/latex/grfext/grfext.sty
Package: grfext 2019/12/03 v1.3 Manage graphics extensions (HO)
)
Package epstopdf-base Info: Redefining graphics rule for `.eps' on input line 4
85.
Package grfext Info: Graphics extension search list:
(grfext)             [.pdf,.png,.jpg,.mps,.jpeg,.jbig2,.jb2,.PDF,.PNG,.JPG,.JPE
G,.JBIG2,.JB2,.eps]
(grfext)             \AppendGraphicsExtensions on input line 504.

(/usr/share/texlive/texmf-dist/tex/latex/latexconfig/epstopdf-sys.cfg
File: epstopdf-sys.cfg 2010/07/13 v1.3 Configuration of (r)epstopdf for TeX Liv
e
))
Package hyperref Info: Link coloring ON on input line 24.

(./relatorio.out) (./relatorio.out)
\@outlinefile=\write3
\openout3 = `relatorio.out'.

Package caption Info: Begin \AtBeginDocument code.
Package caption Info: listings package is loaded.
Package caption Info: End \AtBeginDocument code.
\c@lstlisting=\count313
LaTeX Font Info:    Trying to load font information for T1+cmtt on input line 2
8.

(/usr/share/texlive/texmf-dist/tex/latex/base/t1cmtt.fd
File: t1cmtt.fd 2023/04/13 v2.5m Standard LaTeX font definitions
) (./relatorio.toc
[1

{/var/lib/texmf/fonts/map/pdftex/updmap/pdftex.map}])
\tf@toc=\write4
\openout4 = `relatorio.toc'.

 [2]
<reports/figures/eda_class_balance.png, id=199, 505.89pt x 252.945pt>
File: reports/figures/eda_class_balance.png Graphic file (type png)
<use reports/figures/eda_class_balance.png>
Package pdftex.def Info: reports/figures/eda_class_balance.png  used on input l
ine 55.
(pdftex.def)             Requested size: 285.77744pt x 142.89102pt.


LaTeX Warning: `h' float specifier changed to `ht'.

<reports/figures/eda_missingness.png, id=202, 650.43pt x 227.6505pt>
File: reports/figures/eda_missingness.png Graphic file (type png)
<use reports/figures/eda_missingness.png>
Package pdftex.def Info: reports/figures/eda_missingness.png  used on input lin
e 64.
(pdftex.def)             Requested size: 322.65309pt x 112.93222pt.

LaTeX Warning: `h' float specifier changed to `ht'.

<reports/figures/eda_numeric_by_class.png, id=204, 794.97pt x 505.89pt>
File: reports/figures/eda_numeric_by_class.png Graphic file (type png)
<use reports/figures/eda_numeric_by_class.png>
Package pdftex.def Info: reports/figures/eda_numeric_by_class.png  used on inpu
t line 73.
(pdftex.def)             Requested size: 391.79755pt x 249.33176pt.

Overfull \hbox (61.05856pt too wide) in paragraph at lines 70--77
\T1/cmr/m/n/12 A fi-gura [][]3[][] mos-tra que \T1/cmtt/m/n/12 number_inpatient
\T1/cmr/m/n/12 , \T1/cmtt/m/n/12 num_medications\T1/cmr/m/n/12 , \T1/cmtt/m/n/1
2 time_in_hospital \T1/cmr/m/n/12 e \T1/cmtt/m/n/12 number_diagnoses
 []


LaTeX Warning: `h' float specifier changed to `ht'.

[3]
Overfull \hbox (63.6592pt too wide) in paragraph at lines 86--87
[]\T1/cmr/m/n/12 Categóricas: \T1/cmtt/m/n/12 SimpleImputer(most_frequent) $\OM
S/cmsy/m/n/12 !$ \T1/cmtt/m/n/12 OneHotEncoder(handle_unknown="ignore")\T1/cmr/
m/n/12 . 
 []


Overfull \hbox (213.11002pt too wide) in paragraph at lines 92--93
 []\T1/cmr/bx/n/12 TargetEncoder.[] \T1/cmr/m/n/12 Co-di-fica \T1/cmtt/m/n/12 p
ayer_code\T1/cmr/m/n/12 , \T1/cmtt/m/n/12 medical_specialty\T1/cmr/m/n/12 , \T1
/cmtt/m/n/12 admission_*_id \T1/cmr/m/n/12 via \T1/cmtt/m/n/12 TargetEncoder(ta
rget_type="multiclass")
 []

[4 <./reports/figures/eda_class_balance.png> <./reports/figures/eda_missingness
.png>]
Overfull \hbox (32.25514pt too wide) in paragraph at lines 117--118
\T1/cmr/m/n/12 (\T1/cmtt/m/n/12 n_iter \T1/cmr/m/n/12 5--10). To-dos com-par-ti
-lham \T1/cmtt/m/n/12 StratifiedKFold(5, shuffle=True, random_state=42)\T1/cmr/
m/n/12 ,
 []

[5 <./reports/figures/eda_numeric_by_class.png>]
Overfull \hbox (103.46286pt too wide) in paragraph at lines 146--147
\T1/cmr/m/n/12 10 mo-de-los $\OMS/cmsy/m/n/12 ^^B$ \T1/cmr/m/n/12 5 pré-process
amentos (50 fi-gu-ras em \T1/cmtt/m/n/12 reports/figures/<modelo>__<tag>__train
_vs_val.png\T1/cmr/m/n/12 ).
 []

<reports/figures/random_forest__baseline__train_vs_val.png, id=235, 794.97pt x 
325.215pt>
File: reports/figures/random_forest__baseline__train_vs_val.png Graphic file (t
ype png)
<use reports/figures/random_forest__baseline__train_vs_val.png>
Package pdftex.def Info: reports/figures/random_forest__baseline__train_vs_val.
png  used on input line 151.
(pdftex.def)             Requested size: 225.86067pt x 92.39445pt.
<reports/figures/svm__baseline__train_vs_val.png, id=236, 794.97pt x 325.215pt>

File: reports/figures/svm__baseline__train_vs_val.png Graphic file (type png)
<use reports/figures/svm__baseline__train_vs_val.png>
Package pdftex.def Info: reports/figures/svm__baseline__train_vs_val.png  used 
on input line 155.
(pdftex.def)             Requested size: 225.86067pt x 92.39445pt.
[6 <./reports/figures/random_forest__baseline__train_vs_val.png> <./reports/fig
ures/svm__baseline__train_vs_val.png>]
Underfull \hbox (badness 2088) in paragraph at lines 189--189
[]\T1/cmr/m/n/12 Tabela 3: |Com-pa-ra-ção pa-re-ada ba-se-line vs. va-ri-ante (
Wil-co-xon e pai-red t-test
 []


Underfull \hbox (badness 2005) in paragraph at lines 189--189
\T1/cmr/m/n/12 so-bre 5 folds; $\OML/cmm/m/it/12 p[]$ \T1/cmr/m/n/12 = pai-red 
t-test). Ta-bela com-pleta das 40 com-pa-ra-ções em
 []

<reports/figures/baseline_vs_variants_f1.png, id=246, 867.24pt x 361.35pt>
File: reports/figures/baseline_vs_variants_f1.png Graphic file (type png)
<use reports/figures/baseline_vs_variants_f1.png>
Package pdftex.def Info: reports/figures/baseline_vs_variants_f1.png  used on i
nput line 195.
(pdftex.def)             Requested size: 437.88684pt x 182.45549pt.

LaTeX Warning: `h' float specifier changed to `ht'.

[7]
<reports/figures/cm__random_forest__baseline.png, id=257, 397.485pt x 325.215pt
>
File: reports/figures/cm__random_forest__baseline.png Graphic file (type png)
<use reports/figures/cm__random_forest__baseline.png>
Package pdftex.def Info: reports/figures/cm__random_forest__baseline.png  used 
on input line 209.
(pdftex.def)             Requested size: 225.86067pt x 184.79883pt.
<reports/figures/cm__random_forest__robust.png, id=258, 397.485pt x 325.215pt>
File: reports/figures/cm__random_forest__robust.png Graphic file (type png)
<use reports/figures/cm__random_forest__robust.png>
Package pdftex.def Info: reports/figures/cm__random_forest__robust.png  used on
 input line 213.
(pdftex.def)             Requested size: 225.86067pt x 184.79883pt.


Package hyperref Warning: Token not allowed in a PDF string (Unicode):
(hyperref)                removing `math shift' on input line 220.


Package hyperref Warning: Token not allowed in a PDF string (Unicode):
(hyperref)                removing `\sim' on input line 220.


Package hyperref Warning: Token not allowed in a PDF string (Unicode):
(hyperref)                removing `math shift' on input line 220.

[8 <./reports/figures/baseline_vs_variants_f1.png> <./reports/figures/cm__rando
m_forest__baseline.png> <./reports/figures/cm__random_forest__robust.png>]
<reports/figures/final_confusion.png, id=270, 397.485pt x 325.215pt>
File: reports/figures/final_confusion.png Graphic file (type png)
<use reports/figures/final_confusion.png>
Package pdftex.def Info: reports/figures/final_confusion.png  used on input lin
e 254.
(pdftex.def)             Requested size: 147.50256pt x 120.68495pt.
<reports/figures/final__roc.png, id=271, 433.62pt x 361.35pt>
File: reports/figures/final__roc.png Graphic file (type png)
<use reports/figures/final__roc.png>
Package pdftex.def Info: reports/figures/final__roc.png  used on input line 258
.
(pdftex.def)             Requested size: 147.50256pt x 122.91801pt.
<reports/figures/final__pr.png, id=272, 433.62pt x 361.35pt>
File: reports/figures/final__pr.png Graphic file (type png)
<use reports/figures/final__pr.png>
Package pdftex.def Info: reports/figures/final__pr.png  used on input line 262.

(pdftex.def)             Requested size: 147.50256pt x 122.91801pt.


LaTeX Warning: `h' float specifier changed to `ht'.

[9]
LaTeX Font Info:    Font shape `T1/cmtt/bx/n' in size <12> not available
(Font)              Font shape `T1/cmtt/m/n' tried instead on input line 282.

Overfull \hbox (6.82983pt too wide) in paragraph at lines 283--284
\T1/cmr/m/n/12 nas va-riá-veis de maior peso (\T1/cmtt/m/n/12 number_inpatient\
T1/cmr/m/n/12 , \T1/cmtt/m/n/12 discharge_disposition_id\T1/cmr/m/n/12 , \T1/cm
tt/m/n/12 diag_*
 []

[10 <./reports/figures/final_confusion.png> <./reports/figures/final__roc.png> 
<./reports/figures/final__pr.png>] [11]
Overfull \hbox (62.44658pt too wide) in paragraph at lines 315--316
\T1/cmr/m/n/12 A pri-meira exe-cu-ção po-pula \T1/cmtt/m/n/12 reports/cv_result
s/ \T1/cmr/m/n/12 (CSVs por mo-delo $\OMS/cmsy/m/n/12 ^^B$ \T1/cmr/m/n/12 va-ri
-ante) e \T1/cmtt/m/n/12 reports/figures/
 []

[12] (./relatorio.aux)
 ***********
LaTeX2e <2023-11-01> patch level 1
L3 programming layer <2024-01-22>
 ***********
Package rerunfilecheck Info: File `relatorio.out' has not changed.
(rerunfilecheck)             Checksum: 6460A0F0BF7B9C6F3244399DBD587062;6241.
 ) 
Here is how much of TeX's memory you used:
 14422 strings out of 476162
 229289 string characters out of 5794815
 1938975 words of memory out of 5000000
 36197 multiletter control sequences out of 15000+600000
 577559 words of font info for 78 fonts, out of 8000000 for 9000
 16 hyphenation exceptions out of 8191
 75i,13n,79p,1198b,600s stack positions out of 10000i,1000n,20000p,200000b,200000s
 </home/jppontes/.texlive2023/texmf-var/fonts/pk/ljfour/jknappen/ec/ectt1000.
600pk> </home/jppontes/.texlive2023/texmf-var/fonts/pk/ljfour/jknappen/ec/ecti1
000.600pk> </home/jppontes/.texlive2023/texmf-var/fonts/pk/ljfour/jknappen/ec/e
crm1000.600pk> </home/jppontes/.texlive2023/texmf-var/fonts/pk/ljfour/jknappen/
ec/ecrm0700.600pk> </home/jppontes/.texlive2023/texmf-var/fonts/pk/ljfour/jknap
pen/ec/tcrm1200.600pk> </home/jppontes/.texlive2023/texmf-var/fonts/pk/ljfour/j
knappen/ec/ectt1200.600pk> </home/jppontes/.texlive2023/texmf-var/fonts/pk/ljfo
ur/jknappen/ec/ecti1200.600pk> </home/jppontes/.texlive2023/texmf-var/fonts/pk/
ljfour/jknappen/ec/ecbx1440.600pk> </home/jppontes/.texlive2023/texmf-var/fonts
/pk/ljfour/jknappen/ec/ecrm1200.600pk> </home/jppontes/.texlive2023/texmf-var/f
onts/pk/ljfour/jknappen/ec/ecbx1200.600pk> </home/jppontes/.texlive2023/texmf-v
ar/fonts/pk/ljfour/jknappen/ec/ecbx1728.600pk> </home/jppontes/.texlive2023/tex
mf-var/fonts/pk/ljfour/jknappen/ec/ecti1095.600pk> </home/jppontes/.texlive2023
/texmf-var/fonts/pk/ljfour/jknappen/ec/ecrm0800.600pk> </home/jppontes/.texlive
2023/texmf-var/fonts/pk/ljfour/jknappen/ec/ectt1095.600pk> </home/jppontes/.tex
live2023/texmf-var/fonts/pk/ljfour/jknappen/ec/ecrm1095.600pk> </home/jppontes/
.texlive2023/texmf-var/fonts/pk/ljfour/jknappen/ec/ecbx1095.600pk> </home/jppon
tes/.texlive2023/texmf-var/fonts/pk/ljfour/jknappen/ec/ecrm1440.600pk> </home/j
ppontes/.texlive2023/texmf-var/fonts/pk/ljfour/jknappen/ec/ecrm2074.600pk></usr
/share/texlive/texmf-dist/fonts/type1/public/amsfonts/cm/cmmi10.pfb></usr/share
/texlive/texmf-dist/fonts/type1/public/amsfonts/cm/cmmi12.pfb></usr/share/texli
ve/texmf-dist/fonts/type1/public/amsfonts/cm/cmmi8.pfb></usr/share/texlive/texm
f-dist/fonts/type1/public/amsfonts/cm/cmr10.pfb></usr/share/texlive/texmf-dist/
fonts/type1/public/amsfonts/cm/cmr12.pfb></usr/share/texlive/texmf-dist/fonts/t
ype1/public/amsfonts/cm/cmr8.pfb></usr/share/texlive/texmf-dist/fonts/type1/pub
lic/amsfonts/cm/cmsy10.pfb></usr/share/texlive/texmf-dist/fonts/type1/public/am
sfonts/cm/cmsy8.pfb>
Output written on relatorio.pdf (12 pages, 712019 bytes).
PDF statistics:
 1072 PDF objects out of 1200 (max. 8388607)
 350 compressed objects within 4 object streams
 63 named destinations out of 1000 (max. 500000)
 328 words of extra memory for PDF output out of 10000 (max. 10000000)

